Archive member included to satisfy reference by file (symbol)

/home/arie/st/stm32cubeide_1.16.0/plugins/com.st.stm32cube.ide.mcu.externaltools.gnu-tools-for-stm32.12.3.rel1.linux64_1.0.200.202406132123/tools/bin/../lib/gcc/arm-none-eabi/12.3.1/../../../../arm-none-eabi/lib/thumb/v7e-m+fp/hard/libc_nano.a(libc_a-exit.o)
                              /home/arie/st/stm32cubeide_1.16.0/plugins/com.st.stm32cube.ide.mcu.externaltools.gnu-tools-for-stm32.12.3.rel1.linux64_1.0.200.202406132123/tools/bin/../lib/gcc/arm-none-eabi/12.3.1/../../../../arm-none-eabi/lib/thumb/v7e-m+fp/hard/crt0.o (exit)
/home/arie/st/stm32cubeide_1.16.0/plugins/com.st.stm32cube.ide.mcu.externaltools.gnu-tools-for-stm32.12.3.rel1.linux64_1.0.200.202406132123/tools/bin/../lib/gcc/arm-none-eabi/12.3.1/../../../../arm-none-eabi/lib/thumb/v7e-m+fp/hard/libc_nano.a(libc_a-findfp.o)
                              /home/arie/st/stm32cubeide_1.16.0/plugins/com.st.stm32cube.ide.mcu.externaltools.gnu-tools-for-stm32.12.3.rel1.linux64_1.0.200.202406132123/tools/bin/../lib/gcc/arm-none-eabi/12.3.1/../../../../arm-none-eabi/lib/thumb/v7e-m+fp/hard/libc_nano.a(libc_a-exit.o) (__stdio_exit_handler)
/home/arie/st/stm32cubeide_1.16.0/plugins/com.st.stm32cube.ide.mcu.externaltools.gnu-tools-for-stm32.12.3.rel1.linux64_1.0.200.202406132123/tools/bin/../lib/gcc/arm-none-eabi/12.3.1/../../../../arm-none-eabi/lib/thumb/v7e-m+fp/hard/libc_nano.a(libc_a-fwalk.o)
                              /home/arie/st/stm32cubeide_1.16.0/plugins/com.st.stm32cube.ide.mcu.externaltools.gnu-tools-for-stm32.12.3.rel1.linux64_1.0.200.202406132123/tools/bin/../lib/gcc/arm-none-eabi/12.3.1/../../../../arm-none-eabi/lib/thumb/v7e-m+fp/hard/libc_nano.a(libc_a-findfp.o) (_fwalk_sglue)
/home/arie/st/stm32cubeide_1.16.0/plugins/com.st.stm32cube.ide.mcu.externaltools.gnu-tools-for-stm32.12.3.rel1.linux64_1.0.200.202406132123/tools/bin/../lib/gcc/arm-none-eabi/12.3.1/../../../../arm-none-eabi/lib/thumb/v7e-m+fp/hard/libc_nano.a(libc_a-stdio.o)
                              /home/arie/st/stm32cubeide_1.16.0/plugins/com.st.stm32cube.ide.mcu.externaltools.gnu-tools-for-stm32.12.3.rel1.linux64_1.0.200.202406132123/tools/bin/../lib/gcc/arm-none-eabi/12.3.1/../../../../arm-none-eabi/lib/thumb/v7e-m+fp/hard/libc_nano.a(libc_a-findfp.o) (__sread)
/home/arie/st/stm32cubeide_1.16.0/plugins/com.st.stm32cube.ide.mcu.externaltools.gnu-tools-for-stm32.12.3.rel1.linux64_1.0.200.202406132123/tools/bin/../lib/gcc/arm-none-eabi/12.3.1/../../../../arm-none-eabi/lib/thumb/v7e-m+fp/hard/libc_nano.a(libc_a-memset.o)
                              /home/arie/st/stm32cubeide_1.16.0/plugins/com.st.stm32cube.ide.mcu.externaltools.gnu-tools-for-stm32.12.3.rel1.linux64_1.0.200.202406132123/tools/bin/../lib/gcc/arm-none-eabi/12.3.1/../../../../arm-none-eabi/lib/thumb/v7e-m+fp/hard/crt0.o (memset)
/home/arie/st/stm32cubeide_1.16.0/plugins/com.st.stm32cube.ide.mcu.externaltools.gnu-tools-for-stm32.12.3.rel1.linux64_1.0.200.202406132123/tools/bin/../lib/gcc/arm-none-eabi/12.3.1/../../../../arm-none-eabi/lib/thumb/v7e-m+fp/hard/libc_nano.a(libc_a-closer.o)
                              /home/arie/st/stm32cubeide_1.16.0/plugins/com.st.stm32cube.ide.mcu.externaltools.gnu-tools-for-stm32.12.3.rel1.linux64_1.0.200.202406132123/tools/bin/../lib/gcc/arm-none-eabi/12.3.1/../../../../arm-none-eabi/lib/thumb/v7e-m+fp/hard/libc_nano.a(libc_a-stdio.o) (_close_r)
/home/arie/st/stm32cubeide_1.16.0/plugins/com.st.stm32cube.ide.mcu.externaltools.gnu-tools-for-stm32.12.3.rel1.linux64_1.0.200.202406132123/tools/bin/../lib/gcc/arm-none-eabi/12.3.1/../../../../arm-none-eabi/lib/thumb/v7e-m+fp/hard/libc_nano.a(libc_a-reent.o)
                              /home/arie/st/stm32cubeide_1.16.0/plugins/com.st.stm32cube.ide.mcu.externaltools.gnu-tools-for-stm32.12.3.rel1.linux64_1.0.200.202406132123/tools/bin/../lib/gcc/arm-none-eabi/12.3.1/../../../../arm-none-eabi/lib/thumb/v7e-m+fp/hard/libc_nano.a(libc_a-closer.o) (errno)
/home/arie/st/stm32cubeide_1.16.0/plugins/com.st.stm32cube.ide.mcu.externaltools.gnu-tools-for-stm32.12.3.rel1.linux64_1.0.200.202406132123/tools/bin/../lib/gcc/arm-none-eabi/12.3.1/../../../../arm-none-eabi/lib/thumb/v7e-m+fp/hard/libc_nano.a(libc_a-impure.o)
                              /home/arie/st/stm32cubeide_1.16.0/plugins/com.st.stm32cube.ide.mcu.externaltools.gnu-tools-for-stm32.12.3.rel1.linux64_1.0.200.202406132123/tools/bin/../lib/gcc/arm-none-eabi/12.3.1/../../../../arm-none-eabi/lib/thumb/v7e-m+fp/hard/libc_nano.a(libc_a-reent.o) (_impure_ptr)
/home/arie/st/stm32cubeide_1.16.0/plugins/com.st.stm32cube.ide.mcu.externaltools.gnu-tools-for-stm32.12.3.rel1.linux64_1.0.200.202406132123/tools/bin/../lib/gcc/arm-none-eabi/12.3.1/../../../../arm-none-eabi/lib/thumb/v7e-m+fp/hard/libc_nano.a(libc_a-lseekr.o)
[...]
Memory Configuration

Name             Origin             Length             Attributes
RAM              0x20000000         0x00010000         xrw
RAM2             0x10000000         0x00004000         xrw
FLASH            0x08000000         0x00040000         xr
*default*        0x00000000         0xffffffff

Linker script and memory map

LOAD /home/arie/st/stm32cubeide_1.16.0/plugins/com.st.stm32cube.ide.mcu.externaltools.gnu-tools-for-stm32.12.3.rel1.linux64_1.0.200.202406132123/tools/bin/../lib/gcc/arm-none-eabi/12.3.1/thumb/v7e-m+fp/hard/crti.o
LOAD /home/arie/st/stm32cubeide_1.16.0/plugins/com.st.stm32cube.ide.mcu.externaltools.gnu-tools-for-stm32.12.3.rel1.linux64_1.0.200.202406132123/tools/bin/../lib/gcc/arm-none-eabi/12.3.1/thumb/v7e-m+fp/hard/crtbegin.o
LOAD /home/arie/st/stm32cubeide_1.16.0/plugins/com.st.stm32cube.ide.mcu.externaltools.gnu-tools-for-stm32.12.3.rel1.linux64_1.0.200.202406132123/tools/bin/../lib/gcc/arm-none-eabi/12.3.1/../../../../arm-none-eabi/lib/thumb/v7e-m+fp/hard/crt0.o
LOAD ./Core/Src/dac.o
LOAD ./Core/Src/dma.o
LOAD ./Core/Src/gpio.o
LOAD ./Core/Src/main.o
LOAD ./Core/Src/stm32l4xx_hal_msp.o
LOAD ./Core/Src/stm32l4xx_it.o
LOAD ./Core/Src/syscalls.o
LOAD ./Core/Src/sysmem.o
LOAD ./Core/Src/system_stm32l4xx.o
LOAD ./Core/Src/tim.o
LOAD ./Core/Src/usart.o
LOAD ./Core/Startup/startup_stm32l432kcux.o
LOAD ./Drivers/STM32L4xx_HAL_Driver/Src/stm32l4xx_hal.o
LOAD ./Drivers/STM32L4xx_HAL_Driver/Src/stm32l4xx_hal_cortex.o
LOAD ./Drivers/STM32L4xx_HAL_Driver/Src/stm32l4xx_hal_dac.o
LOAD ./Drivers/STM32L4xx_HAL_Driver/Src/stm32l4xx_hal_dac_ex.o
LOAD ./Drivers/STM32L4xx_HAL_Driver/Src/stm32l4xx_hal_dma.o
LOAD ./Drivers/STM32L4xx_HAL_Driver/Src/stm32l4xx_hal_dma_ex.o
LOAD ./Drivers/STM32L4xx_HAL_Driver/Src/stm32l4xx_hal_exti.o
LOAD ./Drivers/STM32L4xx_HAL_Driver/Src/stm32l4xx_hal_flash.o
LOAD ./Drivers/STM32L4xx_HAL_Driver/Src/stm32l4xx_hal_flash_ex.o
LOAD ./Drivers/STM32L4xx_HAL_Driver/Src/stm32l4xx_hal_flash_ramfunc.o
LOAD ./Drivers/STM32L4xx_HAL_Driver/Src/stm32l4xx_hal_gpio.o
LOAD ./Drivers/STM32L4xx_HAL_Driver/Src/stm32l4xx_hal_i2c.o
LOAD ./Drivers/STM32L4xx_HAL_Driver/Src/stm32l4xx_hal_i2c_ex.o
LOAD ./Drivers/STM32L4xx_HAL_Driver/Src/stm32l4xx_hal_pwr.o
LOAD ./Drivers/STM32L4xx_HAL_Driver/Src/stm32l4xx_hal_pwr_ex.o
LOAD ./Drivers/STM32L4xx_HAL_Driver/Src/stm32l4xx_hal_rcc.o
LOAD ./Drivers/STM32L4xx_HAL_Driver/Src/stm32l4xx_hal_rcc_ex.o
LOAD ./Drivers/STM32L4xx_HAL_Driver/Src/stm32l4xx_hal_tim.o
LOAD ./Drivers/STM32L4xx_HAL_Driver/Src/stm32l4xx_hal_tim_ex.o
LOAD ./Drivers/STM32L4xx_HAL_Driver/Src/stm32l4xx_hal_uart.o
LOAD ./Drivers/STM32L4xx_HAL_Driver/Src/stm32l4xx_hal_uart_ex.o
START GROUP
LOAD /home/arie/st/stm32cubeide_1.16.0/plugins/com.st.stm32cube.ide.mcu.externaltools.gnu-tools-for-stm32.12.3.rel1.linux64_1.0.200.202406132123/tools/bin/../lib/gcc/arm-none-eabi/12.3.1/../../../../arm-none-eabi/lib/thumb/v7e-m+fp/hard/libc_nano.a
LOAD /home/arie/st/stm32cubeide_1.16.0/plugins/com.st.stm32cube.ide.mcu.externaltools.gnu-tools-for-stm32.12.3.rel1.linux64_1.0.200.202406132123/tools/bin/../lib/gcc/arm-none-eabi/12.3.1/../../../../arm-none-eabi/lib/thumb/v7e-m+fp/hard/libm.a
END GROUP
START GROUP
LOAD /home/arie/st/stm32cubeide_1.16.0/plugins/com.st.stm32cube.ide.mcu.externaltools.gnu-tools-for-stm32.12.3.rel1.linux64_1.0.200.202406132123/tools/bin/../lib/gcc/arm-none-eabi/12.3.1/thumb/v7e-m+fp/hard/libgcc.a
LOAD /home/arie/st/stm32cubeide_1.16.0/plugins/com.st.stm32cube.ide.mcu.externaltools.gnu-tools-for-stm32.12.3.rel1.linux64_1.0.200.202406132123/tools/bin/../lib/gcc/arm-none-eabi/12.3.1/../../../../arm-none-eabi/lib/thumb/v7e-m+fp/hard/libc_nano.a
END GROUP
START GROUP
LOAD /home/arie/st/stm32cubeide_1.16.0/plugins/com.st.stm32cube.ide.mcu.externaltools.gnu-tools-for-stm32.12.3.rel1.linux64_1.0.200.202406132123/tools/bin/../lib/gcc/arm-none-eabi/12.3.1/thumb/v7e-m+fp/hard/libgcc.a
LOAD /home/arie/st/stm32cubeide_1.16.0/plugins/com.st.stm32cube.ide.mcu.externaltools.gnu-tools-for-stm32.12.3.rel1.linux64_1.0.200.202406132123/tools/bin/../lib/gcc/arm-none-eabi/12.3.1/../../../../arm-none-eabi/lib/thumb/v7e-m+fp/hard/libc_nano.a
LOAD /home/arie/st/stm32cubeide_1.16.0/plugins/com.st.stm32cube.ide.mcu.externaltools.gnu-tools-for-stm32.12.3.rel1.linux64_1.0.200.202406132123/tools/bin/../lib/gcc/arm-none-eabi/12.3.1/../../../../arm-none-eabi/lib/thumb/v7e-m+fp/hard/libnosys.a
END GROUP
START GROUP
LOAD /home/arie/st/stm32cubeide_1.16.0/plugins/com.st.stm32cube.ide.mcu.externaltools.gnu-tools-for-stm32.12.3.rel1.linux64_1.0.200.202406132123/tools/bin/../lib/gcc/arm-none-eabi/12.3.1/thumb/v7e-m+fp/hard/libgcc.a
LOAD /home/arie/st/stm32cubeide_1.16.0/plugins/com.st.stm32cube.ide.mcu.externaltools.gnu-tools-for-stm32.12.3.rel1.linux64_1.0.200.202406132123/tools/bin/../lib/gcc/arm-none-eabi/12.3.1/../../../../arm-none-eabi/lib/thumb/v7e-m+fp/hard/libc_nano.a
LOAD /home/arie/st/stm32cubeide_1.16.0/plugins/com.st.stm32cube.ide.mcu.externaltools.gnu-tools-for-stm32.12.3.rel1.linux64_1.0.200.202406132123/tools/bin/../lib/gcc/arm-none-eabi/12.3.1/../../../../arm-none-eabi/lib/thumb/v7e-m+fp/hard/libnosys.a
END GROUP
LOAD /home/arie/st/stm32cubeide_1.16.0/plugins/com.st.stm32cube.ide.mcu.externaltools.gnu-tools-for-stm32.12.3.rel1.linux64_1.0.200.202406132123/tools/bin/../lib/gcc/arm-none-eabi/12.3.1/thumb/v7e-m+fp/hard/crtend.o
LOAD /home/arie/st/stm32cubeide_1.16.0/plugins/com.st.stm32cube.ide.mcu.externaltools.gnu-tools-for-stm32.12.3.rel1.linux64_1.0.200.202406132123/tools/bin/../lib/gcc/arm-none-eabi/12.3.1/thumb/v7e-m+fp/hard/crtn.o
                0x20010000                        _estack = (ORIGIN (RAM) + LENGTH (RAM))
                0x00000200                        _Min_Heap_Size = 0x200
                0x00000400                        _Min_Stack_Size = 0x400

.isr_vector     0x08000000      0x18c
                0x08000000                        . = ALIGN (0x4)
 *(.isr_vector)
 .isr_vector    0x08000000      0x18c ./Core/Startup/startup_stm32l432kcux.o
                0x08000000                g_pfnVectors
                0x0800018c                        . = ALIGN (0x4)

.text           0x08000190     0x4508
                0x08000190                        . = ALIGN (0x4)
 *(.text)
 .text          0x08000190       0x40 /home/arie/st/stm32cubeide_1.16.0/plugins/com.st.stm32cube.ide.mcu.externaltools.gnu-tools-for-stm32.12.3.rel1.linux64_1.0.200.202406132123/tools/bin/../lib/gcc/arm-none-eabi/12.3.1/thumb/v7e-m+fp/hard/crtbegin.o
 .text          0x080001d0      0x254 /home/arie/st/stm32cubeide_1.16.0/plugins/com.st.stm32cube.ide.mcu.externaltools.gnu-tools-for-stm32.12.3.rel1.linux64_1.0.200.202406132123/tools/bin/../lib/gcc/arm-none-eabi/12.3.1/thumb/v7e-m+fp/hard/libgcc.a(_arm_muldf3.o)
                0x080001d0                __aeabi_dmul
                0x080001d0                __muldf3
 .text          0x08000424      0x378 /home/arie/st/stm32cubeide_1.16.0/plugins/com.st.stm32cube.ide.mcu.externaltools.gnu-tools-for-stm32.12.3.rel1.linux64_1.0.200.202406132123/tools/bin/../lib/gcc/arm-none-eabi/12.3.1/thumb/v7e-m+fp/hard/libgcc.a(_arm_addsubdf3.o)
                0x08000424                __aeabi_drsub
                0x0800042c                __aeabi_dsub
                0x0800042c                __subdf3
                0x08000430                __adddf3
                0x08000430                __aeabi_dadd
                0x080006a8                __aeabi_ui2d
                0x080006a8                __floatunsidf
                0x080006c8                __floatsidf
                0x080006c8                __aeabi_i2d
                0x080006ec                __extendsfdf2
                0x080006ec                __aeabi_f2d
                0x08000730                __aeabi_ul2d
                0x08000730                __floatundidf
                0x08000740                __floatdidf
                0x08000740                __aeabi_l2d
 .text          0x0800079c       0x50 /home/arie/st/stm32cubeide_1.16.0/plugins/com.st.stm32cube.ide.mcu.externaltools.gnu-tools-for-stm32.12.3.rel1.linux64_1.0.200.202406132123/tools/bin/../lib/gcc/arm-none-eabi/12.3.1/thumb/v7e-m+fp/hard/libgcc.a(_arm_fixdfsi.o)
                0x0800079c                __fixdfsi
                0x0800079c                __aeabi_d2iz
 .text          0x080007ec       0x30 /home/arie/st/stm32cubeide_1.16.0/plugins/com.st.stm32cube.ide.mcu.externaltools.gnu-tools-for-stm32.12.3.rel1.linux64_1.0.200.202406132123/tools/bin/../lib/gcc/arm-none-eabi/12.3.1/thumb/v7e-m+fp/hard/libgcc.a(_aeabi_uldivmod.o)
                0x080007ec                __aeabi_uldivmod
 .text          0x0800081c      0x2bc /home/arie/st/stm32cubeide_1.16.0/plugins/com.st.stm32cube.ide.mcu.externaltools.gnu-tools-for-stm32.12.3.rel1.linux64_1.0.200.202406132123/tools/bin/../lib/gcc/arm-none-eabi/12.3.1/thumb/v7e-m+fp/hard/libgcc.a(_udivmoddi4.o)
                0x0800081c                __udivmoddi4
 .text          0x08000ad8        0x4 /home/arie/st/stm32cubeide_1.16.0/plugins/com.st.stm32cube.ide.mcu.externaltools.gnu-tools-for-stm32.12.3.rel1.linux64_1.0.200.202406132123/tools/bin/../lib/gcc/arm-none-eabi/12.3.1/thumb/v7e-m+fp/hard/libgcc.a(_dvmd_tls.o)
                0x08000ad8                __aeabi_ldiv0
                0x08000ad8                __aeabi_idiv0
 *(.text*)
 .text.MX_DAC1_Init
                0x08000adc       0x64 ./Core/Src/dac.o
                0x08000adc                MX_DAC1_Init
 .text.HAL_DAC_MspInit
                0x08000b40       0xec ./Core/Src/dac.o
                0x08000b40                HAL_DAC_MspInit
 .text.MX_DMA_Init
                0x08000c2c       0x3c ./Core/Src/dma.o
                0x08000c2c                MX_DMA_Init
 .text.MX_GPIO_Init
                0x08000c68       0xd8 ./Core/Src/gpio.o
                0x08000c68                MX_GPIO_Init
 .text.main     0x08000d40       0x58 ./Core/Src/main.o
                0x08000d40                main
 .text.SystemClock_Config
                0x08000d98       0xc4 ./Core/Src/main.o
                0x08000d98                SystemClock_Config
 *fill*         0x08000e5c        0x4 
 .text.HAL_TIM_PeriodElapsedCallback
                0x08000e60       0x7c ./Core/Src/main.o
                0x08000e60                HAL_TIM_PeriodElapsedCallback
 .text.Error_Handler
                0x08000edc        0xc ./Core/Src/main.o
                0x08000edc                Error_Handler
 .text.HAL_MspInit
                0x08000ee8       0x48 ./Core/Src/stm32l4xx_hal_msp.o
                0x08000ee8                HAL_MspInit
 .text.NMI_Handler
                0x08000f30        0x8 ./Core/Src/stm32l4xx_it.o
                0x08000f30                NMI_Handler
 .text.HardFault_Handler
                0x08000f38        0x8 ./Core/Src/stm32l4xx_it.o
                0x08000f38                HardFault_Handler
 .text.MemManage_Handler
                0x08000f40        0x8 ./Core/Src/stm32l4xx_it.o
                0x08000f40                MemManage_Handler
 .text.BusFault_Handler
                0x08000f48        0x8 ./Core/Src/stm32l4xx_it.o
                0x08000f48                BusFault_Handler
 .text.UsageFault_Handler
                0x08000f50        0x8 ./Core/Src/stm32l4xx_it.o
                0x08000f50                UsageFault_Handler
 .text.SVC_Handler
                0x08000f58        0xe ./Core/Src/stm32l4xx_it.o
                0x08000f58                SVC_Handler
 .text.DebugMon_Handler
                0x08000f66        0xe ./Core/Src/stm32l4xx_it.o
                0x08000f66                DebugMon_Handler
 .text.PendSV_Handler
                0x08000f74        0xe ./Core/Src/stm32l4xx_it.o
                0x08000f74                PendSV_Handler
 .text.SysTick_Handler
                0x08000f82        0xc ./Core/Src/stm32l4xx_it.o
                0x08000f82                SysTick_Handler
 *fill*         0x08000f8e        0x2 
 .text.DMA1_Channel3_IRQHandler
                0x08000f90       0x14 ./Core/Src/stm32l4xx_it.o
                0x08000f90                DMA1_Channel3_IRQHandler
 .text.TIM6_DAC_IRQHandler
                0x08000fa4       0x1c ./Core/Src/stm32l4xx_it.o
                0x08000fa4                TIM6_DAC_IRQHandler
 .text.TIM7_IRQHandler
                0x08000fc0       0x14 ./Core/Src/stm32l4xx_it.o
                0x08000fc0                TIM7_IRQHandler
 .text.SystemInit
                0x08000fd4       0x24 ./Core/Src/system_stm32l4xx.o
                0x08000fd4                SystemInit
 .text.MX_TIM6_Init
                0x08000ff8       0x6c ./Core/Src/tim.o
                0x08000ff8                MX_TIM6_Init
 .text.MX_TIM7_Init
                0x08001064       0x6c ./Core/Src/tim.o
                0x08001064                MX_TIM7_Init
 .text.HAL_TIM_Base_MspInit
                0x080010d0       0x84 ./Core/Src/tim.o
                0x080010d0                HAL_TIM_Base_MspInit
 .text.MX_USART2_UART_Init
                0x08001154       0x60 ./Core/Src/usart.o
                0x08001154                MX_USART2_UART_Init
 .text.HAL_UART_MspInit
                0x080011b4       0xd4 ./Core/Src/usart.o
                0x080011b4                HAL_UART_MspInit
 .text.Reset_Handler
                0x08001288       0x50 ./Core/Startup/startup_stm32l432kcux.o
                0x08001288                Reset_Handler
 .text.Default_Handler
                0x080012d8        0x2 ./Core/Startup/startup_stm32l432kcux.o
                0x080012d8                RTC_Alarm_IRQHandler
                0x080012d8                EXTI2_IRQHandler
                0x080012d8                TIM1_CC_IRQHandler
                0x080012d8                TSC_IRQHandler
                0x080012d8                TAMP_STAMP_IRQHandler
                0x080012d8                EXTI3_IRQHandler
                0x080012d8                LPTIM2_IRQHandler
                0x080012d8                I2C3_ER_IRQHandler
                0x080012d8                EXTI0_IRQHandler
                0x080012d8                CAN1_RX0_IRQHandler
                0x080012d8                FPU_IRQHandler
                0x080012d8                TIM1_UP_TIM16_IRQHandler
                0x080012d8                SPI1_IRQHandler
                0x080012d8                DMA2_Channel2_IRQHandler
                0x080012d8                DMA1_Channel4_IRQHandler
                0x080012d8                ADC1_IRQHandler
                0x080012d8                DMA1_Channel7_IRQHandler
                0x080012d8                CAN1_RX1_IRQHandler
                0x080012d8                DMA2_Channel1_IRQHandler
                0x080012d8                QUADSPI_IRQHandler
                0x080012d8                I2C1_EV_IRQHandler
                0x080012d8                DMA1_Channel6_IRQHandler
                0x080012d8                DMA2_Channel4_IRQHandler
                0x080012d8                RCC_IRQHandler
                0x080012d8                TIM1_TRG_COM_IRQHandler
                0x080012d8                DMA1_Channel1_IRQHandler
                0x080012d8                Default_Handler
                0x080012d8                DMA2_Channel7_IRQHandler
                0x080012d8                EXTI15_10_IRQHandler
                0x080012d8                I2C3_EV_IRQHandler
                0x080012d8                USB_IRQHandler
                0x080012d8                EXTI9_5_IRQHandler
                0x080012d8                RTC_WKUP_IRQHandler
                0x080012d8                PVD_PVM_IRQHandler
                0x080012d8                CAN1_TX_IRQHandler
                0x080012d8                DMA2_Channel5_IRQHandler
                0x080012d8                CRS_IRQHandler
                0x080012d8                DMA1_Channel5_IRQHandler
                0x080012d8                EXTI4_IRQHandler
                0x080012d8                RNG_IRQHandler
                0x080012d8                COMP_IRQHandler
                0x080012d8                WWDG_IRQHandler
                0x080012d8                LPUART1_IRQHandler
                0x080012d8                DMA2_Channel6_IRQHandler
                0x080012d8                TIM2_IRQHandler
                0x080012d8                EXTI1_IRQHandler
                0x080012d8                USART2_IRQHandler
                0x080012d8                DMA1_Channel2_IRQHandler
                0x080012d8                CAN1_SCE_IRQHandler
                0x080012d8                FLASH_IRQHandler
                0x080012d8                USART1_IRQHandler
                0x080012d8                SPI3_IRQHandler
                0x080012d8                I2C1_ER_IRQHandler
                0x080012d8                SWPMI1_IRQHandler
                0x080012d8                LPTIM1_IRQHandler
                0x080012d8                SAI1_IRQHandler
                0x080012d8                DMA2_Channel3_IRQHandler
                0x080012d8                TIM1_BRK_TIM15_IRQHandler
 .text.HAL_Init
                0x080012da       0x30 ./Drivers/STM32L4xx_HAL_Driver/Src/stm32l4xx_hal.o
                0x080012da                HAL_Init
 *fill*         0x0800130a        0x2 
 .text.HAL_InitTick
                0x0800130c       0x78 ./Drivers/STM32L4xx_HAL_Driver/Src/stm32l4xx_hal.o
                0x0800130c                HAL_InitTick
 .text.HAL_IncTick
                0x08001384       0x28 ./Drivers/STM32L4xx_HAL_Driver/Src/stm32l4xx_hal.o
                0x08001384                HAL_IncTick
 .text.HAL_GetTick
                0x080013ac       0x18 ./Drivers/STM32L4xx_HAL_Driver/Src/stm32l4xx_hal.o
                0x080013ac                HAL_GetTick
 .text.HAL_Delay
                0x080013c4       0x48 ./Drivers/STM32L4xx_HAL_Driver/Src/stm32l4xx_hal.o
                0x080013c4                HAL_Delay
 .text.__NVIC_SetPriorityGrouping
                0x0800140c       0x48 ./Drivers/STM32L4xx_HAL_Driver/Src/stm32l4xx_hal_cortex.o
 .text.__NVIC_GetPriorityGrouping
                0x08001454       0x1c ./Drivers/STM32L4xx_HAL_Driver/Src/stm32l4xx_hal_cortex.o
 .text.__NVIC_EnableIRQ
                0x08001470       0x3c ./Drivers/STM32L4xx_HAL_Driver/Src/stm32l4xx_hal_cortex.o
 .text.__NVIC_SetPriority
                0x080014ac       0x54 ./Drivers/STM32L4xx_HAL_Driver/Src/stm32l4xx_hal_cortex.o
 .text.NVIC_EncodePriority
                0x08001500       0x66 ./Drivers/STM32L4xx_HAL_Driver/Src/stm32l4xx_hal_cortex.o
 *fill*         0x08001566        0x2 
 .text.SysTick_Config
                0x08001568       0x44 ./Drivers/STM32L4xx_HAL_Driver/Src/stm32l4xx_hal_cortex.o
 .text.HAL_NVIC_SetPriorityGrouping
                0x080015ac       0x16 ./Drivers/STM32L4xx_HAL_Driver/Src/stm32l4xx_hal_cortex.o
                0x080015ac                HAL_NVIC_SetPriorityGrouping
 .text.HAL_NVIC_SetPriority
                0x080015c2       0x38 ./Drivers/STM32L4xx_HAL_Driver/Src/stm32l4xx_hal_cortex.o
                0x080015c2                HAL_NVIC_SetPriority
 .text.HAL_NVIC_EnableIRQ
                0x080015fa       0x1c ./Drivers/STM32L4xx_HAL_Driver/Src/stm32l4xx_hal_cortex.o
                0x080015fa                HAL_NVIC_EnableIRQ
 .text.HAL_SYSTICK_Config
                0x08001616       0x18 ./Drivers/STM32L4xx_HAL_Driver/Src/stm32l4xx_hal_cortex.o
                0x08001616                HAL_SYSTICK_Config
 .text.HAL_DAC_Init
                0x0800162e       0x44 ./Drivers/STM32L4xx_HAL_Driver/Src/stm32l4xx_hal_dac.o
                0x0800162e                HAL_DAC_Init
 *fill*         0x08001672        0x2 
 .text.HAL_DAC_Start_DMA
                0x08001674      0x198 ./Drivers/STM32L4xx_HAL_Driver/Src/stm32l4xx_hal_dac.o
                0x08001674                HAL_DAC_Start_DMA
 .text.HAL_DAC_IRQHandler
                0x0800180c       0xb4 ./Drivers/STM32L4xx_HAL_Driver/Src/stm32l4xx_hal_dac.o
                0x0800180c                HAL_DAC_IRQHandler
 .text.HAL_DAC_ConvCpltCallbackCh1
                0x080018c0       0x14 ./Drivers/STM32L4xx_HAL_Driver/Src/stm32l4xx_hal_dac.o
                0x080018c0                HAL_DAC_ConvCpltCallbackCh1
 .text.HAL_DAC_ConvHalfCpltCallbackCh1
                0x080018d4       0x14 ./Drivers/STM32L4xx_HAL_Driver/Src/stm32l4xx_hal_dac.o
                0x080018d4                HAL_DAC_ConvHalfCpltCallbackCh1
 .text.HAL_DAC_ErrorCallbackCh1
                0x080018e8       0x14 ./Drivers/STM32L4xx_HAL_Driver/Src/stm32l4xx_hal_dac.o
                0x080018e8                HAL_DAC_ErrorCallbackCh1
 .text.HAL_DAC_DMAUnderrunCallbackCh1
                0x080018fc       0x14 ./Drivers/STM32L4xx_HAL_Driver/Src/stm32l4xx_hal_dac.o
                0x080018fc                HAL_DAC_DMAUnderrunCallbackCh1
 .text.HAL_DAC_ConfigChannel
                0x08001910      0x24e ./Drivers/STM32L4xx_HAL_Driver/Src/stm32l4xx_hal_dac.o
                0x08001910                HAL_DAC_ConfigChannel
 .text.DAC_DMAConvCpltCh1
                0x08001b5e       0x22 ./Drivers/STM32L4xx_HAL_Driver/Src/stm32l4xx_hal_dac.o
                0x08001b5e                DAC_DMAConvCpltCh1
 .text.DAC_DMAHalfConvCpltCh1
                0x08001b80       0x1c ./Drivers/STM32L4xx_HAL_Driver/Src/stm32l4xx_hal_dac.o
                0x08001b80                DAC_DMAHalfConvCpltCh1
 .text.DAC_DMAErrorCh1
                0x08001b9c       0x2e ./Drivers/STM32L4xx_HAL_Driver/Src/stm32l4xx_hal_dac.o
                0x08001b9c                DAC_DMAErrorCh1
 .text.HAL_DACEx_ConvCpltCallbackCh2
                0x08001bca       0x14 ./Drivers/STM32L4xx_HAL_Driver/Src/stm32l4xx_hal_dac_ex.o
                0x08001bca                HAL_DACEx_ConvCpltCallbackCh2
 .text.HAL_DACEx_ConvHalfCpltCallbackCh2
                0x08001bde       0x14 ./Drivers/STM32L4xx_HAL_Driver/Src/stm32l4xx_hal_dac_ex.o
                0x08001bde                HAL_DACEx_ConvHalfCpltCallbackCh2
 .text.HAL_DACEx_ErrorCallbackCh2
                0x08001bf2       0x14 ./Drivers/STM32L4xx_HAL_Driver/Src/stm32l4xx_hal_dac_ex.o
                0x08001bf2                HAL_DACEx_ErrorCallbackCh2
 .text.HAL_DACEx_DMAUnderrunCallbackCh2
                0x08001c06       0x14 ./Drivers/STM32L4xx_HAL_Driver/Src/stm32l4xx_hal_dac_ex.o
                0x08001c06                HAL_DACEx_DMAUnderrunCallbackCh2
 .text.DAC_DMAConvCpltCh2
                0x08001c1a       0x22 ./Drivers/STM32L4xx_HAL_Driver/Src/stm32l4xx_hal_dac_ex.o
                0x08001c1a                DAC_DMAConvCpltCh2
 .text.DAC_DMAHalfConvCpltCh2
                0x08001c3c       0x1c ./Drivers/STM32L4xx_HAL_Driver/Src/stm32l4xx_hal_dac_ex.o
                0x08001c3c                DAC_DMAHalfConvCpltCh2
 .text.DAC_DMAErrorCh2
                0x08001c58       0x2e ./Drivers/STM32L4xx_HAL_Driver/Src/stm32l4xx_hal_dac_ex.o
                0x08001c58                DAC_DMAErrorCh2
 *fill*         0x08001c86        0x2 
 .text.HAL_DMA_Init
                0x08001c88      0x170 ./Drivers/STM32L4xx_HAL_Driver/Src/stm32l4xx_hal_dma.o
                0x08001c88                HAL_DMA_Init
 .text.HAL_DMA_Start_IT
                0x08001df8       0xc0 ./Drivers/STM32L4xx_HAL_Driver/Src/stm32l4xx_hal_dma.o
                0x08001df8                HAL_DMA_Start_IT
 .text.HAL_DMA_IRQHandler
                0x08001eb8      0x15e ./Drivers/STM32L4xx_HAL_Driver/Src/stm32l4xx_hal_dma.o
                0x08001eb8                HAL_DMA_IRQHandler
 .text.DMA_SetConfig
                0x08002016       0x60 ./Drivers/STM32L4xx_HAL_Driver/Src/stm32l4xx_hal_dma.o
 *fill*         0x08002076        0x2 
 .text.HAL_GPIO_Init
                0x08002078      0x2d4 ./Drivers/STM32L4xx_HAL_Driver/Src/stm32l4xx_hal_gpio.o
                0x08002078                HAL_GPIO_Init
 .text.HAL_GPIO_WritePin
                0x0800234c       0x30 ./Drivers/STM32L4xx_HAL_Driver/Src/stm32l4xx_hal_gpio.o
                0x0800234c                HAL_GPIO_WritePin
 .text.HAL_PWR_EnableBkUpAccess
                0x0800237c       0x20 ./Drivers/STM32L4xx_HAL_Driver/Src/stm32l4xx_hal_pwr.o
                0x0800237c                HAL_PWR_EnableBkUpAccess
 .text.HAL_PWREx_GetVoltageRange
                0x0800239c       0x1c ./Drivers/STM32L4xx_HAL_Driver/Src/stm32l4xx_hal_pwr_ex.o
                0x0800239c                HAL_PWREx_GetVoltageRange
 .text.HAL_PWREx_ControlVoltageScaling
                0x080023b8       0xac ./Drivers/STM32L4xx_HAL_Driver/Src/stm32l4xx_hal_pwr_ex.o
                0x080023b8                HAL_PWREx_ControlVoltageScaling
 .text.HAL_RCC_OscConfig
                0x08002464      0x828 ./Drivers/STM32L4xx_HAL_Driver/Src/stm32l4xx_hal_rcc.o
                0x08002464                HAL_RCC_OscConfig
 .text.HAL_RCC_ClockConfig
                0x08002c8c      0x200 ./Drivers/STM32L4xx_HAL_Driver/Src/stm32l4xx_hal_rcc.o
                0x08002c8c                HAL_RCC_ClockConfig
 .text.HAL_RCC_GetSysClockFreq
                0x08002e8c      0x118 ./Drivers/STM32L4xx_HAL_Driver/Src/stm32l4xx_hal_rcc.o
                0x08002e8c                HAL_RCC_GetSysClockFreq
 .text.HAL_RCC_GetHCLKFreq
                0x08002fa4       0x18 ./Drivers/STM32L4xx_HAL_Driver/Src/stm32l4xx_hal_rcc.o
                0x08002fa4                HAL_RCC_GetHCLKFreq
 .text.HAL_RCC_GetPCLK1Freq
                0x08002fbc       0x2c ./Drivers/STM32L4xx_HAL_Driver/Src/stm32l4xx_hal_rcc.o
                0x08002fbc                HAL_RCC_GetPCLK1Freq
 .text.HAL_RCC_GetPCLK2Freq
                0x08002fe8       0x2c ./Drivers/STM32L4xx_HAL_Driver/Src/stm32l4xx_hal_rcc.o
                0x08002fe8                HAL_RCC_GetPCLK2Freq
 .text.RCC_SetFlashLatencyFromMSIRange
                0x08003014       0xc0 ./Drivers/STM32L4xx_HAL_Driver/Src/stm32l4xx_hal_rcc.o
 .text.HAL_RCCEx_PeriphCLKConfig
                0x080030d4      0x3ec ./Drivers/STM32L4xx_HAL_Driver/Src/stm32l4xx_hal_rcc_ex.o
                0x080030d4                HAL_RCCEx_PeriphCLKConfig
 .text.HAL_RCCEx_EnableMSIPLLMode
                0x080034c0       0x20 ./Drivers/STM32L4xx_HAL_Driver/Src/stm32l4xx_hal_rcc_ex.o
                0x080034c0                HAL_RCCEx_EnableMSIPLLMode
 .text.RCCEx_PLLSAI1_Config
                0x080034e0      0x1e4 ./Drivers/STM32L4xx_HAL_Driver/Src/stm32l4xx_hal_rcc_ex.o
 .text.HAL_TIM_Base_Init
                0x080036c4       0xae ./Drivers/STM32L4xx_HAL_Driver/Src/stm32l4xx_hal_tim.o
                0x080036c4                HAL_TIM_Base_Init
 *fill*         0x08003772        0x2 
 .text.HAL_TIM_Base_Start
                0x08003774       0x98 ./Drivers/STM32L4xx_HAL_Driver/Src/stm32l4xx_hal_tim.o
                0x08003774                HAL_TIM_Base_Start
 .text.HAL_TIM_Base_Start_IT
                0x0800380c       0xa8 ./Drivers/STM32L4xx_HAL_Driver/Src/stm32l4xx_hal_tim.o
                0x0800380c                HAL_TIM_Base_Start_IT
 .text.HAL_TIM_IRQHandler
                0x080038b4      0x20e ./Drivers/STM32L4xx_HAL_Driver/Src/stm32l4xx_hal_tim.o
                0x080038b4                HAL_TIM_IRQHandler
 .text.HAL_TIM_OC_DelayElapsedCallback
                0x08003ac2       0x14 ./Drivers/STM32L4xx_HAL_Driver/Src/stm32l4xx_hal_tim.o
                0x08003ac2                HAL_TIM_OC_DelayElapsedCallback
 .text.HAL_TIM_IC_CaptureCallback
                0x08003ad6       0x14 ./Drivers/STM32L4xx_HAL_Driver/Src/stm32l4xx_hal_tim.o
                0x08003ad6                HAL_TIM_IC_CaptureCallback
 .text.HAL_TIM_PWM_PulseFinishedCallback
                0x08003aea       0x14 ./Drivers/STM32L4xx_HAL_Driver/Src/stm32l4xx_hal_tim.o
                0x08003aea                HAL_TIM_PWM_PulseFinishedCallback
 .text.HAL_TIM_TriggerCallback
                0x08003afe       0x14 ./Drivers/STM32L4xx_HAL_Driver/Src/stm32l4xx_hal_tim.o
                0x08003afe                HAL_TIM_TriggerCallback
 *fill*         0x08003b12        0x2 
 .text.TIM_Base_SetConfig
                0x08003b14       0xe0 ./Drivers/STM32L4xx_HAL_Driver/Src/stm32l4xx_hal_tim.o
                0x08003b14                TIM_Base_SetConfig
 .text.HAL_TIMEx_MasterConfigSynchronization
                0x08003bf4       0xcc ./Drivers/STM32L4xx_HAL_Driver/Src/stm32l4xx_hal_tim_ex.o
                0x08003bf4                HAL_TIMEx_MasterConfigSynchronization
 .text.HAL_TIMEx_CommutCallback
                0x08003cc0       0x14 ./Drivers/STM32L4xx_HAL_Driver/Src/stm32l4xx_hal_tim_ex.o
                0x08003cc0                HAL_TIMEx_CommutCallback
 .text.HAL_TIMEx_BreakCallback
                0x08003cd4       0x14 ./Drivers/STM32L4xx_HAL_Driver/Src/stm32l4xx_hal_tim_ex.o
                0x08003cd4                HAL_TIMEx_BreakCallback
 .text.HAL_TIMEx_Break2Callback
                0x08003ce8       0x14 ./Drivers/STM32L4xx_HAL_Driver/Src/stm32l4xx_hal_tim_ex.o
                0x08003ce8                HAL_TIMEx_Break2Callback
 .text.HAL_UART_Init
                0x08003cfc       0x9c ./Drivers/STM32L4xx_HAL_Driver/Src/stm32l4xx_hal_uart.o
                0x08003cfc                HAL_UART_Init
 .text.UART_SetConfig
                0x08003d98      0x458 ./Drivers/STM32L4xx_HAL_Driver/Src/stm32l4xx_hal_uart.o
                0x08003d98                UART_SetConfig
 .text.UART_AdvFeatureConfig
                0x080041f0      0x144 ./Drivers/STM32L4xx_HAL_Driver/Src/stm32l4xx_hal_uart.o
                0x080041f0                UART_AdvFeatureConfig
 .text.UART_CheckIdleState
                0x08004334      0x150 ./Drivers/STM32L4xx_HAL_Driver/Src/stm32l4xx_hal_uart.o
                0x08004334                UART_CheckIdleState
 .text.UART_WaitOnFlagUntilTimeout
                0x08004484       0xda ./Drivers/STM32L4xx_HAL_Driver/Src/stm32l4xx_hal_uart.o
                0x08004484                UART_WaitOnFlagUntilTimeout
 .text.UART_EndRxTransfer
                0x0800455e       0xc8 ./Drivers/STM32L4xx_HAL_Driver/Src/stm32l4xx_hal_uart.o
 .text.memset   0x08004626       0x10 /home/arie/st/stm32cubeide_1.16.0/plugins/com.st.stm32cube.ide.mcu.externaltools.gnu-tools-for-stm32.12.3.rel1.linux64_1.0.200.202406132123/tools/bin/../lib/gcc/arm-none-eabi/12.3.1/../../../../arm-none-eabi/lib/thumb/v7e-m+fp/hard/libc_nano.a(libc_a-memset.o)
                0x08004626                memset
 *fill*         0x08004636        0x2 
 .text.__libc_init_array
                0x08004638       0x48 /home/arie/st/stm32cubeide_1.16.0/plugins/com.st.stm32cube.ide.mcu.externaltools.gnu-tools-for-stm32.12.3.rel1.linux64_1.0.200.202406132123/tools/bin/../lib/gcc/arm-none-eabi/12.3.1/../../../../arm-none-eabi/lib/thumb/v7e-m+fp/hard/libc_nano.a(libc_a-init.o)
                0x08004638                __libc_init_array
 *(.glue_7)
 .glue_7        0x08004680        0x0 linker stubs
 *(.glue_7t)
 .glue_7t       0x08004680        0x0 linker stubs
 *(.eh_frame)
 .eh_frame      0x08004680        0x0 /home/arie/st/stm32cubeide_1.16.0/plugins/com.st.stm32cube.ide.mcu.externaltools.gnu-tools-for-stm32.12.3.rel1.linux64_1.0.200.202406132123/tools/bin/../lib/gcc/arm-none-eabi/12.3.1/thumb/v7e-m+fp/hard/crtbegin.o
 *(.init)
 .init          0x08004680        0x4 /home/arie/st/stm32cubeide_1.16.0/plugins/com.st.stm32cube.ide.mcu.externaltools.gnu-tools-for-stm32.12.3.rel1.linux64_1.0.200.202406132123/tools/bin/../lib/gcc/arm-none-eabi/12.3.1/thumb/v7e-m+fp/hard/crti.o
                0x08004680                _init
 .init          0x08004684        0x8 /home/arie/st/stm32cubeide_1.16.0/plugins/com.st.stm32cube.ide.mcu.externaltools.gnu-tools-for-stm32.12.3.rel1.linux64_1.0.200.202406132123/tools/bin/../lib/gcc/arm-none-eabi/12.3.1/thumb/v7e-m+fp/hard/crtn.o
 *(.fini)
 .fini          0x0800468c        0x4 /home/arie/st/stm32cubeide_1.16.0/plugins/com.st.stm32cube.ide.mcu.externaltools.gnu-tools-for-stm32.12.3.rel1.linux64_1.0.200.202406132123/tools/bin/../lib/gcc/arm-none-eabi/12.3.1/thumb/v7e-m+fp/hard/crti.o
                0x0800468c                _fini
 .fini          0x08004690        0x8 /home/arie/st/stm32cubeide_1.16.0/plugins/com.st.stm32cube.ide.mcu.externaltools.gnu-tools-for-stm32.12.3.rel1.linux64_1.0.200.202406132123/tools/bin/../lib/gcc/arm-none-eabi/12.3.1/thumb/v7e-m+fp/hard/crtn.o
                0x08004698                        . = ALIGN (0x4)
                0x08004698                        _etext = .

.vfp11_veneer   0x08004698        0x0
 .vfp11_veneer  0x08004698        0x0 linker stubs

.v4_bx          0x08004698        0x0
 .v4_bx         0x08004698        0x0 linker stubs

.iplt           0x08004698        0x0
 .iplt          0x08004698        0x0 /home/arie/st/stm32cubeide_1.16.0/plugins/com.st.stm32cube.ide.mcu.externaltools.gnu-tools-for-stm32.12.3.rel1.linux64_1.0.200.202406132123/tools/bin/../lib/gcc/arm-none-eabi/12.3.1/thumb/v7e-m+fp/hard/crtbegin.o

.rodata         0x08004698       0xc8
                0x08004698                        . = ALIGN (0x4)
 *(.rodata)
 *(.rodata*)
 .rodata.sine_wave_array
                0x08004698       0x80 ./Core/Src/main.o
                0x08004698                sine_wave_array
 .rodata.AHBPrescTable
                0x08004718       0x10 ./Core/Src/system_stm32l4xx.o
                0x08004718                AHBPrescTable
 .rodata.APBPrescTable
                0x08004728        0x8 ./Core/Src/system_stm32l4xx.o
                0x08004728                APBPrescTable
 .rodata.MSIRangeTable
                0x08004730       0x30 ./Core/Src/system_stm32l4xx.o
                0x08004730                MSIRangeTable
                0x08004760                        . = ALIGN (0x4)

.ARM.extab      0x08004760        0x0
                0x08004760                        . = ALIGN (0x4)
 *(.ARM.extab* .gnu.linkonce.armextab.*)
                0x08004760                        . = ALIGN (0x4)

.ARM            0x08004760        0x8
                0x08004760                        . = ALIGN (0x4)
                0x08004760                        __exidx_start = .
 *(.ARM.exidx*)
 .ARM.exidx     0x08004760        0x8 /home/arie/st/stm32cubeide_1.16.0/plugins/com.st.stm32cube.ide.mcu.externaltools.gnu-tools-for-stm32.12.3.rel1.linux64_1.0.200.202406132123/tools/bin/../lib/gcc/arm-none-eabi/12.3.1/thumb/v7e-m+fp/hard/libgcc.a(_udivmoddi4.o)
                0x08004768                        __exidx_end = .
                0x08004768                        . = ALIGN (0x4)

.preinit_array  0x08004768        0x0
                0x08004768                        . = ALIGN (0x4)
                0x08004768                        PROVIDE (__preinit_array_start = .)
 *(.preinit_array*)
                0x08004768                        PROVIDE (__preinit_array_end = .)
                0x08004768                        . = ALIGN (0x4)

.init_array     0x08004768        0x4
                0x08004768                        . = ALIGN (0x4)
                0x08004768                        PROVIDE (__init_array_start = .)
 *(SORT_BY_NAME(.init_array.*))
 *(.init_array*)
 .init_array    0x08004768        0x4 /home/arie/st/stm32cubeide_1.16.0/plugins/com.st.stm32cube.ide.mcu.externaltools.gnu-tools-for-stm32.12.3.rel1.linux64_1.0.200.202406132123/tools/bin/../lib/gcc/arm-none-eabi/12.3.1/thumb/v7e-m+fp/hard/crtbegin.o
                0x0800476c                        PROVIDE (__init_array_end = .)
                0x0800476c                        . = ALIGN (0x4)

.fini_array     0x0800476c        0x4
                0x0800476c                        . = ALIGN (0x4)
                [!provide]                        PROVIDE (__fini_array_start = .)
 *(SORT_BY_NAME(.fini_array.*))
 *(.fini_array*)
 .fini_array    0x0800476c        0x4 /home/arie/st/stm32cubeide_1.16.0/plugins/com.st.stm32cube.ide.mcu.externaltools.gnu-tools-for-stm32.12.3.rel1.linux64_1.0.200.202406132123/tools/bin/../lib/gcc/arm-none-eabi/12.3.1/thumb/v7e-m+fp/hard/crtbegin.o
                [!provide]                        PROVIDE (__fini_array_end = .)
                0x08004770                        . = ALIGN (0x4)
                0x08004770                        _sidata = LOADADDR (.data)

.rel.dyn        0x08004770        0x0
 .rel.iplt      0x08004770        0x0 /home/arie/st/stm32cubeide_1.16.0/plugins/com.st.stm32cube.ide.mcu.externaltools.gnu-tools-for-stm32.12.3.rel1.linux64_1.0.200.202406132123/tools/bin/../lib/gcc/arm-none-eabi/12.3.1/thumb/v7e-m+fp/hard/crtbegin.o

.data           0x20000000       0x10 load address 0x08004770
                0x20000000                        . = ALIGN (0x4)
                0x20000000                        _sdata = .
 *(.data)
 *(.data*)
 .data.prescale
                0x20000000        0x4 ./Core/Src/main.o
                0x20000000                prescale
 .data.SystemCoreClock
                0x20000004        0x4 ./Core/Src/system_stm32l4xx.o
                0x20000004                SystemCoreClock
 .data.uwTickPrio
                0x20000008        0x4 ./Drivers/STM32L4xx_HAL_Driver/Src/stm32l4xx_hal.o
                0x20000008                uwTickPrio
 .data.uwTickFreq
                0x2000000c        0x1 ./Drivers/STM32L4xx_HAL_Driver/Src/stm32l4xx_hal.o
                0x2000000c                uwTickFreq
 *(.RamFunc)
 *(.RamFunc*)
                0x20000010                        . = ALIGN (0x4)
 *fill*         0x2000000d        0x3 
                0x20000010                        _edata = .

.igot.plt       0x20000010        0x0 load address 0x08004780
 .igot.plt      0x20000010        0x0 /home/arie/st/stm32cubeide_1.16.0/plugins/com.st.stm32cube.ide.mcu.externaltools.gnu-tools-for-stm32.12.3.rel1.linux64_1.0.200.202406132123/tools/bin/../lib/gcc/arm-none-eabi/12.3.1/thumb/v7e-m+fp/hard/crtbegin.o
                0x20000010                        . = ALIGN (0x4)

.bss            0x20000010      0x19c load address 0x08004780
                0x20000010                        _sbss = .
                0x20000010                        __bss_start__ = _sbss
 *(.bss)
 .bss           0x20000010       0x1c /home/arie/st/stm32cubeide_1.16.0/plugins/com.st.stm32cube.ide.mcu.externaltools.gnu-tools-for-stm32.12.3.rel1.linux64_1.0.200.202406132123/tools/bin/../lib/gcc/arm-none-eabi/12.3.1/thumb/v7e-m+fp/hard/crtbegin.o
 *(.bss*)
 .bss.hdac1     0x2000002c       0x14 ./Core/Src/dac.o
                0x2000002c                hdac1
 .bss.hdma_dac_ch1
                0x20000040       0x48 ./Core/Src/dac.o
                0x20000040                hdma_dac_ch1
 .bss.htim6     0x20000088       0x4c ./Core/Src/tim.o
                0x20000088                htim6
 .bss.htim7     0x200000d4       0x4c ./Core/Src/tim.o
                0x200000d4                htim7
 .bss.huart2    0x20000120       0x88 ./Core/Src/usart.o
                0x20000120                huart2
 .bss.uwTick    0x200001a8        0x4 ./Drivers/STM32L4xx_HAL_Driver/Src/stm32l4xx_hal.o
                0x200001a8                uwTick
 *(COMMON)
                0x200001ac                        . = ALIGN (0x4)
                0x200001ac                        _ebss = .
                0x200001ac                        __bss_end__ = _ebss

._user_heap_stack
                0x200001ac      0x604 load address 0x08004780
                0x200001b0                        . = ALIGN (0x8)
 *fill*         0x200001ac        0x4 
                [!provide]                        PROVIDE (end = .)
                0x200001b0                        PROVIDE (_end = .)
                0x200003b0                        . = (. + _Min_Heap_Size)
 *fill*         0x200001b0      0x200 
                0x200007b0                        . = (. + _Min_Stack_Size)
 *fill*         0x200003b0      0x400 
                0x200007b0                        . = ALIGN (0x8)

/DISCARD/
 libc.a(*)
 libm.a(*)
 libgcc.a(*)

.ARM.attributes
                0x00000000       0x30
 *(.ARM.attributes)
 .ARM.attributes
                0x00000000       0x22 /home/arie/st/stm32cubeide_1.16.0/plugins/com.st.stm32cube.ide.mcu.externaltools.gnu-tools-for-stm32.12.3.rel1.linux64_1.0.200.202406132123/tools/bin/../lib/gcc/arm-none-eabi/12.3.1/thumb/v7e-m+fp/hard/crti.o
 .ARM.attributes
                0x00000022       0x34 /home/arie/st/stm32cubeide_1.16.0/plugins/com.st.stm32cube.ide.mcu.externaltools.gnu-tools-for-stm32.12.3.rel1.linux64_1.0.200.202406132123/tools/bin/../lib/gcc/arm-none-eabi/12.3.1/thumb/v7e-m+fp/hard/crtbegin.o
 .ARM.attributes
                0x00000056       0x34 ./Core/Src/dac.o
 .ARM.attributes
                0x0000008a       0x34 ./Core/Src/dma.o
 .ARM.attributes
                0x000000be       0x34 ./Core/Src/gpio.o
 .ARM.attributes
                0x000000f2       0x34 ./Core/Src/main.o
 .ARM.attributes
                0x00000126       0x34 ./Core/Src/stm32l4xx_hal_msp.o
 .ARM.attributes
                0x0000015a       0x34 ./Core/Src/stm32l4xx_it.o
 .ARM.attributes
                0x0000018e       0x34 ./Core/Src/system_stm32l4xx.o
 .ARM.attributes
                0x000001c2       0x34 ./Core/Src/tim.o
 .ARM.attributes
                0x000001f6       0x34 ./Core/Src/usart.o
 .ARM.attributes
                0x0000022a       0x21 ./Core/Startup/startup_stm32l432kcux.o
 .ARM.attributes
                0x0000024b       0x34 ./Drivers/STM32L4xx_HAL_Driver/Src/stm32l4xx_hal.o
 .ARM.attributes
                0x0000027f       0x34 ./Drivers/STM32L4xx_HAL_Driver/Src/stm32l4xx_hal_cortex.o
 .ARM.attributes
                0x000002b3       0x34 ./Drivers/STM32L4xx_HAL_Driver/Src/stm32l4xx_hal_dac.o
 .ARM.attributes
                0x000002e7       0x34 ./Drivers/STM32L4xx_HAL_Driver/Src/stm32l4xx_hal_dac_ex.o
 .ARM.attributes
                0x0000031b       0x34 ./Drivers/STM32L4xx_HAL_Driver/Src/stm32l4xx_hal_dma.o
 .ARM.attributes
                0x0000034f       0x34 ./Drivers/STM32L4xx_HAL_Driver/Src/stm32l4xx_hal_gpio.o
 .ARM.attributes
                0x00000383       0x34 ./Drivers/STM32L4xx_HAL_Driver/Src/stm32l4xx_hal_pwr.o
 .ARM.attributes
                0x000003b7       0x34 ./Drivers/STM32L4xx_HAL_Driver/Src/stm32l4xx_hal_pwr_ex.o
 .ARM.attributes
                0x000003eb       0x34 ./Drivers/STM32L4xx_HAL_Driver/Src/stm32l4xx_hal_rcc.o
 .ARM.attributes
                0x0000041f       0x34 ./Drivers/STM32L4xx_HAL_Driver/Src/stm32l4xx_hal_rcc_ex.o
 .ARM.attributes
                0x00000453       0x34 ./Drivers/STM32L4xx_HAL_Driver/Src/stm32l4xx_hal_tim.o
 .ARM.attributes
                0x00000487       0x34 ./Drivers/STM32L4xx_HAL_Driver/Src/stm32l4xx_hal_tim_ex.o
 .ARM.attributes
                0x000004bb       0x34 ./Drivers/STM32L4xx_HAL_Driver/Src/stm32l4xx_hal_uart.o
 .ARM.attributes
                0x000004ef       0x34 /home/arie/st/stm32cubeide_1.16.0/plugins/com.st.stm32cube.ide.mcu.externaltools.gnu-tools-for-stm32.12.3.rel1.linux64_1.0.200.202406132123/tools/bin/../lib/gcc/arm-none-eabi/12.3.1/../../../../arm-none-eabi/lib/thumb/v7e-m+fp/hard/libc_nano.a(libc_a-memset.o)
 .ARM.attributes
                0x00000523       0x34 /home/arie/st/stm32cubeide_1.16.0/plugins/com.st.stm32cube.ide.mcu.externaltools.gnu-tools-for-stm32.12.3.rel1.linux64_1.0.200.202406132123/tools/bin/../lib/gcc/arm-none-eabi/12.3.1/../../../../arm-none-eabi/lib/thumb/v7e-m+fp/hard/libc_nano.a(libc_a-init.o)
 .ARM.attributes
                0x00000557       0x22 /home/arie/st/stm32cubeide_1.16.0/plugins/com.st.stm32cube.ide.mcu.externaltools.gnu-tools-for-stm32.12.3.rel1.linux64_1.0.200.202406132123/tools/bin/../lib/gcc/arm-none-eabi/12.3.1/thumb/v7e-m+fp/hard/libgcc.a(_arm_muldf3.o)
 .ARM.attributes
                0x00000579       0x22 /home/arie/st/stm32cubeide_1.16.0/plugins/com.st.stm32cube.ide.mcu.externaltools.gnu-tools-for-stm32.12.3.rel1.linux64_1.0.200.202406132123/tools/bin/../lib/gcc/arm-none-eabi/12.3.1/thumb/v7e-m+fp/hard/libgcc.a(_arm_addsubdf3.o)
 .ARM.attributes
                0x0000059b       0x22 /home/arie/st/stm32cubeide_1.16.0/plugins/com.st.stm32cube.ide.mcu.externaltools.gnu-tools-for-stm32.12.3.rel1.linux64_1.0.200.202406132123/tools/bin/../lib/gcc/arm-none-eabi/12.3.1/thumb/v7e-m+fp/hard/libgcc.a(_arm_fixdfsi.o)
 .ARM.attributes
                0x000005bd       0x22 /home/arie/st/stm32cubeide_1.16.0/plugins/com.st.stm32cube.ide.mcu.externaltools.gnu-tools-for-stm32.12.3.rel1.linux64_1.0.200.202406132123/tools/bin/../lib/gcc/arm-none-eabi/12.3.1/thumb/v7e-m+fp/hard/libgcc.a(_aeabi_uldivmod.o)
 .ARM.attributes
                0x000005df       0x34 /home/arie/st/stm32cubeide_1.16.0/plugins/com.st.stm32cube.ide.mcu.externaltools.gnu-tools-for-stm32.12.3.rel1.linux64_1.0.200.202406132123/tools/bin/../lib/gcc/arm-none-eabi/12.3.1/thumb/v7e-m+fp/hard/libgcc.a(_udivmoddi4.o)
 .ARM.attributes
                0x00000613       0x22 /home/arie/st/stm32cubeide_1.16.0/plugins/com.st.stm32cube.ide.mcu.externaltools.gnu-tools-for-stm32.12.3.rel1.linux64_1.0.200.202406132123/tools/bin/../lib/gcc/arm-none-eabi/12.3.1/thumb/v7e-m+fp/hard/libgcc.a(_dvmd_tls.o)
 .ARM.attributes
                0x00000635       0x22 /home/arie/st/stm32cubeide_1.16.0/plugins/com.st.stm32cube.ide.mcu.externaltools.gnu-tools-for-stm32.12.3.rel1.linux64_1.0.200.202406132123/tools/bin/../lib/gcc/arm-none-eabi/12.3.1/thumb/v7e-m+fp/hard/crtn.o
OUTPUT(STM32-FreqSweeo.elf elf32-littlearm)
LOAD linker stubs
LOAD /home/arie/st/stm32cubeide_1.16.0/plugins/com.st.stm32cube.ide.mcu.externaltools.gnu-tools-for-stm32.12.3.rel1.linux64_1.0.200.202406132123/tools/bin/../lib/gcc/arm-none-eabi/12.3.1/../../../../arm-none-eabi/lib/thumb/v7e-m+fp/hard/libc.a
LOAD /home/arie/st/stm32cubeide_1.16.0/plugins/com.st.stm32cube.ide.mcu.externaltools.gnu-tools-for-stm32.12.3.rel1.linux64_1.0.200.202406132123/tools/bin/../lib/gcc/arm-none-eabi/12.3.1/../../../../arm-none-eabi/lib/thumb/v7e-m+fp/hard/libm.a
LOAD /home/arie/st/stm32cubeide_1.16.0/plugins/com.st.stm32cube.ide.mcu.externaltools.gnu-tools-for-stm32.12.3.rel1.linux64_1.0.200.202406132123/tools/bin/../lib/gcc/arm-none-eabi/12.3.1/thumb/v7e-m+fp/hard/libgcc.a

.debug_info     0x00000000    0x12e7d
 .debug_info    0x00000000      0xb9c ./Core/Src/dac.o
 .debug_info    0x00000b9c      0x491 ./Core/Src/dma.o
 .debug_info    0x0000102d      0x457 ./Core/Src/gpio.o
 .debug_info    0x00001484      0xdd9 ./Core/Src/main.o
 .debug_info    0x0000225d      0x2c5 ./Core/Src/stm32l4xx_hal_msp.o
 .debug_info    0x00002522      0x935 ./Core/Src/stm32l4xx_it.o
 .debug_info    0x00002e57      0x5bf ./Core/Src/system_stm32l4xx.o
 .debug_info    0x00003416      0xc05 ./Core/Src/tim.o
 .debug_info    0x0000401b      0xc50 ./Core/Src/usart.o
 .debug_info    0x00004c6b       0x30 ./Core/Startup/startup_stm32l432kcux.o
 .debug_info    0x00004c9b      0x99e ./Drivers/STM32L4xx_HAL_Driver/Src/stm32l4xx_hal.o
 .debug_info    0x00005639      0xd03 ./Drivers/STM32L4xx_HAL_Driver/Src/stm32l4xx_hal_cortex.o
 .debug_info    0x0000633c      0xa6f ./Drivers/STM32L4xx_HAL_Driver/Src/stm32l4xx_hal_dac.o
 .debug_info    0x00006dab      0x8e4 ./Drivers/STM32L4xx_HAL_Driver/Src/stm32l4xx_hal_dac_ex.o
 .debug_info    0x0000768f      0x6f4 ./Drivers/STM32L4xx_HAL_Driver/Src/stm32l4xx_hal_dma.o
 .debug_info    0x00007d83      0x757 ./Drivers/STM32L4xx_HAL_Driver/Src/stm32l4xx_hal_gpio.o
 .debug_info    0x000084da      0x92c ./Drivers/STM32L4xx_HAL_Driver/Src/stm32l4xx_hal_pwr.o
 .debug_info    0x00008e06      0x920 ./Drivers/STM32L4xx_HAL_Driver/Src/stm32l4xx_hal_pwr_ex.o
 .debug_info    0x00009726      0xbc3 ./Drivers/STM32L4xx_HAL_Driver/Src/stm32l4xx_hal_rcc.o
 .debug_info    0x0000a2e9      0xee5 ./Drivers/STM32L4xx_HAL_Driver/Src/stm32l4xx_hal_rcc_ex.o
 .debug_info    0x0000b1ce     0x2a9a ./Drivers/STM32L4xx_HAL_Driver/Src/stm32l4xx_hal_tim.o
 .debug_info    0x0000dc68     0x169e ./Drivers/STM32L4xx_HAL_Driver/Src/stm32l4xx_hal_tim_ex.o
 .debug_info    0x0000f306     0x3b77 ./Drivers/STM32L4xx_HAL_Driver/Src/stm32l4xx_hal_uart.o

.debug_abbrev   0x00000000     0x2c8e
 .debug_abbrev  0x00000000      0x20a ./Core/Src/dac.o
 .debug_abbrev  0x0000020a       0xfc ./Core/Src/dma.o
 .debug_abbrev  0x00000306      0x152 ./Core/Src/gpio.o
 .debug_abbrev  0x00000458      0x24e ./Core/Src/main.o
 .debug_abbrev  0x000006a6       0xc6 ./Core/Src/stm32l4xx_hal_msp.o
 .debug_abbrev  0x0000076c      0x195 ./Core/Src/stm32l4xx_it.o
 .debug_abbrev  0x00000901      0x11a ./Core/Src/system_stm32l4xx.o
 .debug_abbrev  0x00000a1b      0x206 ./Core/Src/tim.o
 .debug_abbrev  0x00000c21      0x1f5 ./Core/Src/usart.o
 .debug_abbrev  0x00000e16       0x24 ./Core/Startup/startup_stm32l432kcux.o
 .debug_abbrev  0x00000e3a      0x225 ./Drivers/STM32L4xx_HAL_Driver/Src/stm32l4xx_hal.o
 .debug_abbrev  0x0000105f      0x31c ./Drivers/STM32L4xx_HAL_Driver/Src/stm32l4xx_hal_cortex.o
 .debug_abbrev  0x0000137b      0x21b ./Drivers/STM32L4xx_HAL_Driver/Src/stm32l4xx_hal_dac.o
 .debug_abbrev  0x00001596      0x245 ./Drivers/STM32L4xx_HAL_Driver/Src/stm32l4xx_hal_dac_ex.o
 .debug_abbrev  0x000017db      0x1e4 ./Drivers/STM32L4xx_HAL_Driver/Src/stm32l4xx_hal_dma.o
 .debug_abbrev  0x000019bf      0x1cb ./Drivers/STM32L4xx_HAL_Driver/Src/stm32l4xx_hal_gpio.o
 .debug_abbrev  0x00001b8a      0x1d4 ./Drivers/STM32L4xx_HAL_Driver/Src/stm32l4xx_hal_pwr.o
 .debug_abbrev  0x00001d5e      0x1f9 ./Drivers/STM32L4xx_HAL_Driver/Src/stm32l4xx_hal_pwr_ex.o
 .debug_abbrev  0x00001f57      0x2cb ./Drivers/STM32L4xx_HAL_Driver/Src/stm32l4xx_hal_rcc.o
 .debug_abbrev  0x00002222      0x2a1 ./Drivers/STM32L4xx_HAL_Driver/Src/stm32l4xx_hal_rcc_ex.o
 .debug_abbrev  0x000024c3      0x278 ./Drivers/STM32L4xx_HAL_Driver/Src/stm32l4xx_hal_tim.o
 .debug_abbrev  0x0000273b      0x283 ./Drivers/STM32L4xx_HAL_Driver/Src/stm32l4xx_hal_tim_ex.o
 .debug_abbrev  0x000029be      0x2d0 ./Drivers/STM32L4xx_HAL_Driver/Src/stm32l4xx_hal_uart.o

.debug_aranges  0x00000000     0x1110
 .debug_aranges
                0x00000000       0x30 ./Core/Src/dac.o
 .debug_aranges
                0x00000030       0x20 ./Core/Src/dma.o
 .debug_aranges
                0x00000050       0x20 ./Core/Src/gpio.o
 .debug_aranges
                0x00000070       0x38 ./Core/Src/main.o
 .debug_aranges
                0x000000a8       0x20 ./Core/Src/stm32l4xx_hal_msp.o
 .debug_aranges
                0x000000c8       0x78 ./Core/Src/stm32l4xx_it.o
 .debug_aranges
                0x00000140       0x28 ./Core/Src/system_stm32l4xx.o
 .debug_aranges
                0x00000168       0x38 ./Core/Src/tim.o
 .debug_aranges
                0x000001a0       0x30 ./Core/Src/usart.o
 .debug_aranges
                0x000001d0       0x28 ./Core/Startup/startup_stm32l432kcux.o
 .debug_aranges
                0x000001f8      0x108 ./Drivers/STM32L4xx_HAL_Driver/Src/stm32l4xx_hal.o
 .debug_aranges
                0x00000300      0x128 ./Drivers/STM32L4xx_HAL_Driver/Src/stm32l4xx_hal_cortex.o
 .debug_aranges
                0x00000428       0xc0 ./Drivers/STM32L4xx_HAL_Driver/Src/stm32l4xx_hal_dac.o
 .debug_aranges
                0x000004e8       0x88 ./Drivers/STM32L4xx_HAL_Driver/Src/stm32l4xx_hal_dac_ex.o
 .debug_aranges
                0x00000570       0x80 ./Drivers/STM32L4xx_HAL_Driver/Src/stm32l4xx_hal_dma.o
 .debug_aranges
                0x000005f0       0x58 ./Drivers/STM32L4xx_HAL_Driver/Src/stm32l4xx_hal_gpio.o
 .debug_aranges
                0x00000648       0x98 ./Drivers/STM32L4xx_HAL_Driver/Src/stm32l4xx_hal_pwr.o
 .debug_aranges
                0x000006e0      0x128 ./Drivers/STM32L4xx_HAL_Driver/Src/stm32l4xx_hal_pwr_ex.o
 .debug_aranges
                0x00000808       0x90 ./Drivers/STM32L4xx_HAL_Driver/Src/stm32l4xx_hal_rcc.o
 .debug_aranges
                0x00000898       0xf0 ./Drivers/STM32L4xx_HAL_Driver/Src/stm32l4xx_hal_rcc_ex.o
 .debug_aranges
                0x00000988      0x3e0 ./Drivers/STM32L4xx_HAL_Driver/Src/stm32l4xx_hal_tim.o
 .debug_aranges
                0x00000d68      0x180 ./Drivers/STM32L4xx_HAL_Driver/Src/stm32l4xx_hal_tim_ex.o
 .debug_aranges
                0x00000ee8      0x228 ./Drivers/STM32L4xx_HAL_Driver/Src/stm32l4xx_hal_uart.o

.debug_rnglists
                0x00000000      0xd2e
 .debug_rnglists
                0x00000000       0x20 ./Core/Src/dac.o
 .debug_rnglists
                0x00000020       0x13 ./Core/Src/dma.o
 .debug_rnglists
                0x00000033       0x14 ./Core/Src/gpio.o
 .debug_rnglists
                0x00000047       0x26 ./Core/Src/main.o
 .debug_rnglists
                0x0000006d       0x13 ./Core/Src/stm32l4xx_hal_msp.o
 .debug_rnglists
                0x00000080       0x55 ./Core/Src/stm32l4xx_it.o
 .debug_rnglists
                0x000000d5       0x1a ./Core/Src/system_stm32l4xx.o
 .debug_rnglists
                0x000000ef       0x26 ./Core/Src/tim.o
 .debug_rnglists
                0x00000115       0x20 ./Core/Src/usart.o
 .debug_rnglists
                0x00000135       0x19 ./Core/Startup/startup_stm32l432kcux.o
 .debug_rnglists
                0x0000014e       0xc1 ./Drivers/STM32L4xx_HAL_Driver/Src/stm32l4xx_hal.o
 .debug_rnglists
                0x0000020f       0xda ./Drivers/STM32L4xx_HAL_Driver/Src/stm32l4xx_hal_cortex.o
 .debug_rnglists
                0x000002e9       0x90 ./Drivers/STM32L4xx_HAL_Driver/Src/stm32l4xx_hal_dac.o
 .debug_rnglists
                0x00000379       0x62 ./Drivers/STM32L4xx_HAL_Driver/Src/stm32l4xx_hal_dac_ex.o
 .debug_rnglists
                0x000003db       0x64 ./Drivers/STM32L4xx_HAL_Driver/Src/stm32l4xx_hal_dma.o
 .debug_rnglists
                0x0000043f       0x3f ./Drivers/STM32L4xx_HAL_Driver/Src/stm32l4xx_hal_gpio.o
 .debug_rnglists
                0x0000047e       0x6e ./Drivers/STM32L4xx_HAL_Driver/Src/stm32l4xx_hal_pwr.o
 .debug_rnglists
                0x000004ec       0xdf ./Drivers/STM32L4xx_HAL_Driver/Src/stm32l4xx_hal_pwr_ex.o
 .debug_rnglists
                0x000005cb       0x6d ./Drivers/STM32L4xx_HAL_Driver/Src/stm32l4xx_hal_rcc.o
 .debug_rnglists
                0x00000638       0xba ./Drivers/STM32L4xx_HAL_Driver/Src/stm32l4xx_hal_rcc_ex.o
 .debug_rnglists
                0x000006f2      0x328 ./Drivers/STM32L4xx_HAL_Driver/Src/stm32l4xx_hal_tim.o
 .debug_rnglists
                0x00000a1a      0x139 ./Drivers/STM32L4xx_HAL_Driver/Src/stm32l4xx_hal_tim_ex.o
 .debug_rnglists
                0x00000b53      0x1db ./Drivers/STM32L4xx_HAL_Driver/Src/stm32l4xx_hal_uart.o

.debug_macro    0x00000000    0x210a7
 .debug_macro   0x00000000      0x1ed ./Core/Src/dac.o
 .debug_macro   0x000001ed      0xab4 ./Core/Src/dac.o
 .debug_macro   0x00000ca1      0x1ad ./Core/Src/dac.o
 .debug_macro   0x00000e4e       0x2e ./Core/Src/dac.o
 .debug_macro   0x00000e7c       0x28 ./Core/Src/dac.o
 .debug_macro   0x00000ea4       0x22 ./Core/Src/dac.o
 .debug_macro   0x00000ec6       0x8e ./Core/Src/dac.o
 .debug_macro   0x00000f54       0x51 ./Core/Src/dac.o
 .debug_macro   0x00000fa5      0x103 ./Core/Src/dac.o
 .debug_macro   0x000010a8       0x6a ./Core/Src/dac.o
 .debug_macro   0x00001112      0x1df ./Core/Src/dac.o
 .debug_macro   0x000012f1       0x1c ./Core/Src/dac.o
 .debug_macro   0x0000130d       0x22 ./Core/Src/dac.o
 .debug_macro   0x0000132f       0xfb ./Core/Src/dac.o
 .debug_macro   0x0000142a     0x1011 ./Core/Src/dac.o
 .debug_macro   0x0000243b      0x11f ./Core/Src/dac.o
 .debug_macro   0x0000255a    0x147a6 ./Core/Src/dac.o
 .debug_macro   0x00016d00       0x6d ./Core/Src/dac.o
 .debug_macro   0x00016d6d     0x38fb ./Core/Src/dac.o
 .debug_macro   0x0001a668      0x189 ./Core/Src/dac.o
 .debug_macro   0x0001a7f1       0x5c ./Core/Src/dac.o
 .debug_macro   0x0001a84d     0x11ca ./Core/Src/dac.o
 .debug_macro   0x0001ba17      0x53c ./Core/Src/dac.o
 .debug_macro   0x0001bf53      0x1b9 ./Core/Src/dac.o
 .debug_macro   0x0001c10c      0x122 ./Core/Src/dac.o
 .debug_macro   0x0001c22e      0x26b ./Core/Src/dac.o
 .debug_macro   0x0001c499      0x23d ./Core/Src/dac.o
 .debug_macro   0x0001c6d6      0x13e ./Core/Src/dac.o
 .debug_macro   0x0001c814       0xd8 ./Core/Src/dac.o
 .debug_macro   0x0001c8ec      0x241 ./Core/Src/dac.o
 .debug_macro   0x0001cb2d      0x375 ./Core/Src/dac.o
 .debug_macro   0x0001cea2       0xd6 ./Core/Src/dac.o
 .debug_macro   0x0001cf78      0x122 ./Core/Src/dac.o
 .debug_macro   0x0001d09a      0x356 ./Core/Src/dac.o
 .debug_macro   0x0001d3f0      0xa98 ./Core/Src/dac.o
 .debug_macro   0x0001de88      0x12d ./Core/Src/dac.o
 .debug_macro   0x0001dfb5      0x5cf ./Core/Src/dac.o
 .debug_macro   0x0001e584       0x44 ./Core/Src/dac.o
 .debug_macro   0x0001e5c8      0x220 ./Core/Src/dac.o
 .debug_macro   0x0001e7e8       0x4c ./Core/Src/dac.o
 .debug_macro   0x0001e834      0x1ed ./Core/Src/dma.o
 .debug_macro   0x0001ea21      0x1ed ./Core/Src/gpio.o
 .debug_macro   0x0001ec0e      0x219 ./Core/Src/main.o
 .debug_macro   0x0001ee27      0x1e3 ./Core/Src/stm32l4xx_hal_msp.o
 .debug_macro   0x0001f00a      0x1ed ./Core/Src/stm32l4xx_it.o
 .debug_macro   0x0001f1f7      0x1d4 ./Core/Src/system_stm32l4xx.o
 .debug_macro   0x0001f3cb      0x1ed ./Core/Src/tim.o
 .debug_macro   0x0001f5b8      0x1ed ./Core/Src/usart.o
 .debug_macro   0x0001f7a5      0x21c ./Drivers/STM32L4xx_HAL_Driver/Src/stm32l4xx_hal.o
 .debug_macro   0x0001f9c1      0x1d4 ./Drivers/STM32L4xx_HAL_Driver/Src/stm32l4xx_hal_cortex.o
 .debug_macro   0x0001fb95      0x1e3 ./Drivers/STM32L4xx_HAL_Driver/Src/stm32l4xx_hal_dac.o
 .debug_macro   0x0001fd78      0x1d4 ./Drivers/STM32L4xx_HAL_Driver/Src/stm32l4xx_hal_dac_ex.o
 .debug_macro   0x0001ff4c      0x1d4 ./Drivers/STM32L4xx_HAL_Driver/Src/stm32l4xx_hal_dma.o
 .debug_macro   0x00020120      0x1db ./Drivers/STM32L4xx_HAL_Driver/Src/stm32l4xx_hal_gpio.o
 .debug_macro   0x000202fb      0x1ec ./Drivers/STM32L4xx_HAL_Driver/Src/stm32l4xx_hal_pwr.o
 .debug_macro   0x000204e7      0x1f8 ./Drivers/STM32L4xx_HAL_Driver/Src/stm32l4xx_hal_pwr_ex.o
 .debug_macro   0x000206df      0x216 ./Drivers/STM32L4xx_HAL_Driver/Src/stm32l4xx_hal_rcc.o
 .debug_macro   0x000208f5      0x20a ./Drivers/STM32L4xx_HAL_Driver/Src/stm32l4xx_hal_rcc_ex.o
 .debug_macro   0x00020aff      0x1d5 ./Drivers/STM32L4xx_HAL_Driver/Src/stm32l4xx_hal_tim.o
 .debug_macro   0x00020cd4      0x1d4 ./Drivers/STM32L4xx_HAL_Driver/Src/stm32l4xx_hal_tim_ex.o
 .debug_macro   0x00020ea8      0x1ff ./Drivers/STM32L4xx_HAL_Driver/Src/stm32l4xx_hal_uart.o

.debug_line     0x00000000    0x145c1
 .debug_line    0x00000000      0x76c ./Core/Src/dac.o
 .debug_line    0x0000076c      0x6d9 ./Core/Src/dma.o
 .debug_line    0x00000e45      0x704 ./Core/Src/gpio.o
 .debug_line    0x00001549      0x7cb ./Core/Src/main.o
 .debug_line    0x00001d14      0x6de ./Core/Src/stm32l4xx_hal_msp.o
 .debug_line    0x000023f2      0x7e9 ./Core/Src/stm32l4xx_it.o
 .debug_line    0x00002bdb      0x778 ./Core/Src/system_stm32l4xx.o
 .debug_line    0x00003353      0x79a ./Core/Src/tim.o
 .debug_line    0x00003aed      0x76f ./Core/Src/usart.o
 .debug_line    0x0000425c       0x7a ./Core/Startup/startup_stm32l432kcux.o
 .debug_line    0x000042d6      0xa40 ./Drivers/STM32L4xx_HAL_Driver/Src/stm32l4xx_hal.o
 .debug_line    0x00004d16      0xc9c ./Drivers/STM32L4xx_HAL_Driver/Src/stm32l4xx_hal_cortex.o
 .debug_line    0x000059b2      0xbb9 ./Drivers/STM32L4xx_HAL_Driver/Src/stm32l4xx_hal_dac.o
 .debug_line    0x0000656b      0x9d9 ./Drivers/STM32L4xx_HAL_Driver/Src/stm32l4xx_hal_dac_ex.o
 .debug_line    0x00006f44      0xcd8 ./Drivers/STM32L4xx_HAL_Driver/Src/stm32l4xx_hal_dma.o
 .debug_line    0x00007c1c      0xae2 ./Drivers/STM32L4xx_HAL_Driver/Src/stm32l4xx_hal_gpio.o
 .debug_line    0x000086fe      0x8aa ./Drivers/STM32L4xx_HAL_Driver/Src/stm32l4xx_hal_pwr.o
 .debug_line    0x00008fa8      0xbcc ./Drivers/STM32L4xx_HAL_Driver/Src/stm32l4xx_hal_pwr_ex.o
 .debug_line    0x00009b74      0xf8a ./Drivers/STM32L4xx_HAL_Driver/Src/stm32l4xx_hal_rcc.o
 .debug_line    0x0000aafe     0x12c5 ./Drivers/STM32L4xx_HAL_Driver/Src/stm32l4xx_hal_rcc_ex.o
 .debug_line    0x0000bdc3     0x3bb2 ./Drivers/STM32L4xx_HAL_Driver/Src/stm32l4xx_hal_tim.o
 .debug_line    0x0000f975     0x1ad4 ./Drivers/STM32L4xx_HAL_Driver/Src/stm32l4xx_hal_tim_ex.o
 .debug_line    0x00011449     0x3178 ./Drivers/STM32L4xx_HAL_Driver/Src/stm32l4xx_hal_uart.o

.debug_str      0x00000000    0xc7a44
 .debug_str     0x00000000    0xc3150 ./Core/Src/dac.o
                              0xc347a (size before relaxing)
 .debug_str     0x000c3150       0x29 ./Core/Src/dma.o
                              0xc2f31 (size before relaxing)
 .debug_str     0x000c3179       0x68 ./Core/Src/gpio.o
                              0xc2c02 (size before relaxing)
 .debug_str     0x000c31e1      0x564 ./Core/Src/main.o
                              0xc3486 (size before relaxing)
 .debug_str     0x000c3745       0x2c ./Core/Src/stm32l4xx_hal_msp.o
                              0xc2b37 (size before relaxing)
 .debug_str     0x000c3771      0x12b ./Core/Src/stm32l4xx_it.o
                              0xc3131 (size before relaxing)
 .debug_str     0x000c389c       0xfc ./Core/Src/system_stm32l4xx.o
                              0xc2afd (size before relaxing)
 .debug_str     0x000c3998       0xf8 ./Core/Src/tim.o
                              0xc3575 (size before relaxing)
 .debug_str     0x000c3a90      0x421 ./Core/Src/usart.o
                              0xc323e (size before relaxing)
 .debug_str     0x000c3eb1       0x44 ./Core/Startup/startup_stm32l432kcux.o
                                 0x83 (size before relaxing)
 .debug_str     0x000c3ef5      0x56e ./Drivers/STM32L4xx_HAL_Driver/Src/stm32l4xx_hal.o
                              0xc348a (size before relaxing)
 .debug_str     0x000c4463      0x355 ./Drivers/STM32L4xx_HAL_Driver/Src/stm32l4xx_hal_cortex.o
                              0xc325d (size before relaxing)
 .debug_str     0x000c47b8      0x23c ./Drivers/STM32L4xx_HAL_Driver/Src/stm32l4xx_hal_dac.o
                              0xc2fc6 (size before relaxing)
 .debug_str     0x000c49f4      0x18d ./Drivers/STM32L4xx_HAL_Driver/Src/stm32l4xx_hal_dac_ex.o
                              0xc2ef5 (size before relaxing)
 .debug_str     0x000c4b81      0x205 ./Drivers/STM32L4xx_HAL_Driver/Src/stm32l4xx_hal_dma.o
                              0xc2d64 (size before relaxing)
 .debug_str     0x000c4d86      0x123 ./Drivers/STM32L4xx_HAL_Driver/Src/stm32l4xx_hal_gpio.o
                              0xc2c71 (size before relaxing)
 .debug_str     0x000c4ea9      0x333 ./Drivers/STM32L4xx_HAL_Driver/Src/stm32l4xx_hal_pwr.o
                              0xc2e47 (size before relaxing)
 .debug_str     0x000c51dc      0x369 ./Drivers/STM32L4xx_HAL_Driver/Src/stm32l4xx_hal_pwr_ex.o
                              0xc2fa5 (size before relaxing)
 .debug_str     0x000c5545      0x38c ./Drivers/STM32L4xx_HAL_Driver/Src/stm32l4xx_hal_rcc.o
                              0xc30fd (size before relaxing)
 .debug_str     0x000c58d1      0x4f2 ./Drivers/STM32L4xx_HAL_Driver/Src/stm32l4xx_hal_rcc_ex.o
                              0xc335d (size before relaxing)
 .debug_str     0x000c5dc3      0xe3c ./Drivers/STM32L4xx_HAL_Driver/Src/stm32l4xx_hal_tim.o
                              0xc3e3a (size before relaxing)
 .debug_str     0x000c6bff      0x588 ./Drivers/STM32L4xx_HAL_Driver/Src/stm32l4xx_hal_tim_ex.o
                              0xc374e (size before relaxing)
 .debug_str     0x000c7187      0x8bd ./Drivers/STM32L4xx_HAL_Driver/Src/stm32l4xx_hal_uart.o
                              0xc3855 (size before relaxing)

.comment        0x00000000       0x43
 .comment       0x00000000       0x43 ./Core/Src/dac.o
                                 0x44 (size before relaxing)
 .comment       0x00000043       0x44 ./Core/Src/dma.o
 .comment       0x00000043       0x44 ./Core/Src/gpio.o
 .comment       0x00000043       0x44 ./Core/Src/main.o
 .comment       0x00000043       0x44 ./Core/Src/stm32l4xx_hal_msp.o
 .comment       0x00000043       0x44 ./Core/Src/stm32l4xx_it.o
 .comment       0x00000043       0x44 ./Core/Src/system_stm32l4xx.o
 .comment       0x00000043       0x44 ./Core/Src/tim.o
 .comment       0x00000043       0x44 ./Core/Src/usart.o
 .comment       0x00000043       0x44 ./Drivers/STM32L4xx_HAL_Driver/Src/stm32l4xx_hal.o
 .comment       0x00000043       0x44 ./Drivers/STM32L4xx_HAL_Driver/Src/stm32l4xx_hal_cortex.o
 .comment       0x00000043       0x44 ./Drivers/STM32L4xx_HAL_Driver/Src/stm32l4xx_hal_dac.o
 .comment       0x00000043       0x44 ./Drivers/STM32L4xx_HAL_Driver/Src/stm32l4xx_hal_dac_ex.o
 .comment       0x00000043       0x44 ./Drivers/STM32L4xx_HAL_Driver/Src/stm32l4xx_hal_dma.o
 .comment       0x00000043       0x44 ./Drivers/STM32L4xx_HAL_Driver/Src/stm32l4xx_hal_gpio.o
 .comment       0x00000043       0x44 ./Drivers/STM32L4xx_HAL_Driver/Src/stm32l4xx_hal_pwr.o
 .comment       0x00000043       0x44 ./Drivers/STM32L4xx_HAL_Driver/Src/stm32l4xx_hal_pwr_ex.o
 .comment       0x00000043       0x44 ./Drivers/STM32L4xx_HAL_Driver/Src/stm32l4xx_hal_rcc.o
 .comment       0x00000043       0x44 ./Drivers/STM32L4xx_HAL_Driver/Src/stm32l4xx_hal_rcc_ex.o
 .comment       0x00000043       0x44 ./Drivers/STM32L4xx_HAL_Driver/Src/stm32l4xx_hal_tim.o
 .comment       0x00000043       0x44 ./Drivers/STM32L4xx_HAL_Driver/Src/stm32l4xx_hal_tim_ex.o
 .comment       0x00000043       0x44 ./Drivers/STM32L4xx_HAL_Driver/Src/stm32l4xx_hal_uart.o

.debug_frame    0x00000000     0x4720
 .debug_frame   0x00000000       0x7c ./Core/Src/dac.o
 .debug_frame   0x0000007c       0x34 ./Core/Src/dma.o
 .debug_frame   0x000000b0       0x34 ./Core/Src/gpio.o
 .debug_frame   0x000000e4       0x90 ./Core/Src/main.o
 .debug_frame   0x00000174       0x38 ./Core/Src/stm32l4xx_hal_msp.o
 .debug_frame   0x000001ac      0x158 ./Core/Src/stm32l4xx_it.o
 .debug_frame   0x00000304       0x58 ./Core/Src/system_stm32l4xx.o
 .debug_frame   0x0000035c       0xa0 ./Core/Src/tim.o
 .debug_frame   0x000003fc       0x78 ./Core/Src/usart.o
 .debug_frame   0x00000474      0x3dc ./Drivers/STM32L4xx_HAL_Driver/Src/stm32l4xx_hal.o
 .debug_frame   0x00000850      0x4e8 ./Drivers/STM32L4xx_HAL_Driver/Src/stm32l4xx_hal_cortex.o
 .debug_frame   0x00000d38      0x338 ./Drivers/STM32L4xx_HAL_Driver/Src/stm32l4xx_hal_dac.o
 .debug_frame   0x00001070      0x234 ./Drivers/STM32L4xx_HAL_Driver/Src/stm32l4xx_hal_dac_ex.o
 .debug_frame   0x000012a4      0x204 ./Drivers/STM32L4xx_HAL_Driver/Src/stm32l4xx_hal_dma.o
 .debug_frame   0x000014a8      0x14c ./Drivers/STM32L4xx_HAL_Driver/Src/stm32l4xx_hal_gpio.o
 .debug_frame   0x000015f4      0x230 ./Drivers/STM32L4xx_HAL_Driver/Src/stm32l4xx_hal_pwr.o
 .debug_frame   0x00001824      0x4a4 ./Drivers/STM32L4xx_HAL_Driver/Src/stm32l4xx_hal_pwr_ex.o
 .debug_frame   0x00001cc8      0x21c ./Drivers/STM32L4xx_HAL_Driver/Src/stm32l4xx_hal_rcc.o
 .debug_frame   0x00001ee4      0x3d0 ./Drivers/STM32L4xx_HAL_Driver/Src/stm32l4xx_hal_rcc_ex.o
 .debug_frame   0x000022b4     0x121c ./Drivers/STM32L4xx_HAL_Driver/Src/stm32l4xx_hal_tim.o
 .debug_frame   0x000034d0      0x6b0 ./Drivers/STM32L4xx_HAL_Driver/Src/stm32l4xx_hal_tim_ex.o
 .debug_frame   0x00003b80      0x9f4 ./Drivers/STM32L4xx_HAL_Driver/Src/stm32l4xx_hal_uart.o
 .debug_frame   0x00004574       0x20 /home/arie/st/stm32cubeide_1.16.0/plugins/com.st.stm32cube.ide.mcu.externaltools.gnu-tools-for-stm32.12.3.rel1.linux64_1.0.200.202406132123/tools/bin/../lib/gcc/arm-none-eabi/12.3.1/../../../../arm-none-eabi/lib/thumb/v7e-m+fp/hard/libc_nano.a(libc_a-memset.o)
 .debug_frame   0x00004594       0x2c /home/arie/st/stm32cubeide_1.16.0/plugins/com.st.stm32cube.ide.mcu.externaltools.gnu-tools-for-stm32.12.3.rel1.linux64_1.0.200.202406132123/tools/bin/../lib/gcc/arm-none-eabi/12.3.1/../../../../arm-none-eabi/lib/thumb/v7e-m+fp/hard/libc_nano.a(libc_a-init.o)
 .debug_frame   0x000045c0       0x30 /home/arie/st/stm32cubeide_1.16.0/plugins/com.st.stm32cube.ide.mcu.externaltools.gnu-tools-for-stm32.12.3.rel1.linux64_1.0.200.202406132123/tools/bin/../lib/gcc/arm-none-eabi/12.3.1/thumb/v7e-m+fp/hard/libgcc.a(_arm_muldf3.o)
 .debug_frame   0x000045f0       0xac /home/arie/st/stm32cubeide_1.16.0/plugins/com.st.stm32cube.ide.mcu.externaltools.gnu-tools-for-stm32.12.3.rel1.linux64_1.0.200.202406132123/tools/bin/../lib/gcc/arm-none-eabi/12.3.1/thumb/v7e-m+fp/hard/libgcc.a(_arm_addsubdf3.o)
 .debug_frame   0x0000469c       0x24 /home/arie/st/stm32cubeide_1.16.0/plugins/com.st.stm32cube.ide.mcu.externaltools.gnu-tools-for-stm32.12.3.rel1.linux64_1.0.200.202406132123/tools/bin/../lib/gcc/arm-none-eabi/12.3.1/thumb/v7e-m+fp/hard/libgcc.a(_arm_fixdfsi.o)
 .debug_frame   0x000046c0       0x2c /home/arie/st/stm32cubeide_1.16.0/plugins/com.st.stm32cube.ide.mcu.externaltools.gnu-tools-for-stm32.12.3.rel1.linux64_1.0.200.202406132123/tools/bin/../lib/gcc/arm-none-eabi/12.3.1/thumb/v7e-m+fp/hard/libgcc.a(_aeabi_uldivmod.o)
 .debug_frame   0x000046ec       0x34 /home/arie/st/stm32cubeide_1.16.0/plugins/com.st.stm32cube.ide.mcu.externaltools.gnu-tools-for-stm32.12.3.rel1.linux64_1.0.200.202406132123/tools/bin/../lib/gcc/arm-none-eabi/12.3.1/thumb/v7e-m+fp/hard/libgcc.a(_udivmoddi4.o)

.debug_line_str
                0x00000000       0x67
 .debug_line_str
                0x00000000       0x67 ./Core/Startup/startup_stm32l432kcux.o
